// Jest Snapshot v1, https://goo.gl/fbAQLP

exports[`App component Should render child components and routes correctly 1`] = `
Array [
  <nav
    className="navbar navbar-expand-lg navbar-light bg-light bg-gradient sticky-top"
  >
    <div
      className="container-fluid"
    >
      <a
        className="navbar-brand"
        href="/"
        onClick={[Function]}
      >
        <span
          className="me-2"
        >
          Math Magicians
        </span>
        <svg
          fill="currentColor"
          height="1em"
          stroke="currentColor"
          strokeWidth="0"
          style={
            Object {
              "color": undefined,
            }
          }
          viewBox="0 0 512 512"
          width="1em"
          xmlns="http://www.w3.org/2000/svg"
        >
          <path
            d="M224 96l16-32 32-16-32-16-16-32-16 32-32 16 32 16 16 32zM80 160l26.66-53.33L160 80l-53.34-26.67L80 0 53.34 53.33 0 80l53.34 26.67L80 160zm352 128l-26.66 53.33L352 368l53.34 26.67L432 448l26.66-53.33L512 368l-53.34-26.67L432 288zm70.62-193.77L417.77 9.38C411.53 3.12 403.34 0 395.15 0c-8.19 0-16.38 3.12-22.63 9.38L9.38 372.52c-12.5 12.5-12.5 32.76 0 45.25l84.85 84.85c6.25 6.25 14.44 9.37 22.62 9.37 8.19 0 16.38-3.12 22.63-9.37l363.14-363.15c12.5-12.48 12.5-32.75 0-45.24zM359.45 203.46l-50.91-50.91 86.6-86.6 50.91 50.91-86.6 86.6z"
          />
        </svg>
      </a>
      <button
        aria-controls="navbarNav"
        aria-expanded="false"
        aria-label="Toggle navigation"
        className="navbar-toggler"
        data-bs-target="#navbarNav"
        data-bs-toggle="collapse"
        type="button"
      >
        <span
          className="navbar-toggler-icon"
        />
      </button>
      <div
        className="collapse navbar-collapse"
        id="navbarNav"
      >
        <div
          className="navbar-nav ms-auto"
        >
          <a
            className="nav-link"
            href="/"
            onClick={[Function]}
          >
            <svg
              fill="currentColor"
              height="1em"
              stroke="currentColor"
              strokeWidth="0"
              style={
                Object {
                  "color": undefined,
                }
              }
              viewBox="0 0 16 16"
              width="1em"
              xmlns="http://www.w3.org/2000/svg"
            >
              <path
                d="M16 9l-3-3V2h-2v2L8 1 0 9h2l1 5c0 .55.45 1 1 1h8c.55 0 1-.45 1-1l1-5h2zm-4 5H9v-4H7v4H4L2.81 7.69 8 2.5l5.19 5.19L12 14z"
                fillRule="evenodd"
              />
            </svg>
            <span
              className="ms-2"
            >
              Home
            </span>
          </a>
          <a
            className="nav-link"
            href="/calculator"
            onClick={[Function]}
          >
            <svg
              fill="currentColor"
              height="1em"
              stroke="currentColor"
              strokeWidth="0"
              style={
                Object {
                  "color": undefined,
                }
              }
              viewBox="0 0 512 512"
              width="1em"
              xmlns="http://www.w3.org/2000/svg"
            >
              <path
                d="M368 48H144c-26.6 0-48 21.6-48 48v320c0 26.4 21.4 48 48 48h224c26.4 0 48-21.6 48-48V96c0-26.4-21.4-48-48-48zM200 416h-48v-48h48v48zm0-88h-48v-48h48v48zm0-88h-48v-48h48v48zm80 176h-48v-48h48v48zm0-88h-48v-48h48v48zm0-88h-48v-48h48v48zm80 176h-48V280h48v136zm0-176h-48v-48h48v48zm0-96H152V96h208v48z"
              />
            </svg>
            <span
              className="ms-2"
            >
              Calculator
            </span>
          </a>
          <a
            className="nav-link"
            href="/quote"
            onClick={[Function]}
          >
            <svg
              fill="currentColor"
              height="1em"
              stroke="currentColor"
              strokeWidth="0"
              style={
                Object {
                  "color": undefined,
                }
              }
              viewBox="0 0 24 24"
              width="1em"
              xmlns="http://www.w3.org/2000/svg"
            >
              <g>
                <path
                  d="M0 0H24V24H0z"
                  fill="none"
                />
                <path
                  d="M21 3c.552 0 1 .448 1 1v14c0 .552-.448 1-1 1H6.455L2 22.5V4c0-.552.448-1 1-1h18zM10.962 8.1l-.447-.688C8.728 8.187 7.5 9.755 7.5 11.505c0 .995.277 1.609.792 2.156.324.344.837.589 1.374.589.966 0 1.75-.784 1.75-1.75 0-.92-.711-1.661-1.614-1.745-.16-.015-.324-.012-.479.01v-.092c.006-.422.092-1.633 1.454-2.466l.185-.107-.447-.688zm4.553-.688c-1.787.775-3.015 2.343-3.015 4.093 0 .995.277 1.609.792 2.156.324.344.837.589 1.374.589.966 0 1.75-.784 1.75-1.75 0-.92-.711-1.661-1.614-1.745-.16-.015-.324-.012-.479.01 0-.313-.029-1.762 1.639-2.665z"
                />
              </g>
            </svg>
            <span
              className="ms-2"
            >
              Quote
            </span>
          </a>
        </div>
      </div>
    </div>
  </nav>,
  <div
    className="container flex-column text-center pt-5"
  >
    <h1>
      Welcome to our page
    </h1>
    <div
      className="mt-4 card bg-dark text-white"
    >
      <img
        alt="A blackboard"
        className="w-100"
        src="roman-mager.jpg"
      />
      <div
        className="card-body"
      >
        <p
          className="card-text"
        >
          Math Magicians is a single page web app that provides an easy way of solving arithmetic problems. Built with React, React Router v6, Javascript, Bootstrap, HTML5/CSS3.
        </p>
        <a
          className="btn btn-warning"
          href="/calculator"
          onClick={[Function]}
        >
          Get Started
        </a>
      </div>
    </div>
  </div>,
]
`;
