// Jest Snapshot v1, https://goo.gl/fbAQLP

exports[`Button renders correctly 1`] = `
<button
  className="number"
  id="number-5"
  name="number-5"
  type="button"
  value={5}
>
  5
</button>
`;

exports[`Button supports unicode escape sequence 1`] = `
<button
  className="operator"
  id="division"
  name="division"
  type="button"
  value="/"
>
  /
</button>
`;
