// Jest Snapshot v1, https://goo.gl/fbAQLP

exports[`Display has default prop value of 0 1`] = `
<div
  className="col-12 h-25 text-white"
>
  <div
    className="problem"
  />
  <div
    className="result"
  >
    0
  </div>
</div>
`;

exports[`Display renders outcomes of calculations correctly 1`] = `
<div
  className="col-12 h-25 text-white"
>
  <div
    className="problem"
  />
  <div
    className="result"
  >
    10
  </div>
</div>
`;
